// Jest Snapshot v1, https://goo.gl/fbAQLP

exports[`AppImageSlider should render 1`] = `
{
  "asFragment": [Function],
  "baseElement": <body>
    <div>
      <div>
        <div
          class="slider_container"
          data-testid="app-image-slider"
        >
          <button
            class="button prev_button active--scale transition"
            data-testid="app-image-slider-prev"
          >
            <svg
              fill="currentColor"
              height="1em"
              stroke="currentColor"
              stroke-width="0"
              viewBox="0 0 320 512"
              width="1em"
              xmlns="http://www.w3.org/2000/svg"
            >
              <path
                d="M34.52 239.03L228.87 44.69c9.37-9.37 24.57-9.37 33.94 0l22.67 22.67c9.36 9.36 9.37 24.52.04 33.9L131.49 256l154.02 154.75c9.34 9.38 9.32 24.54-.04 33.9l-22.67 22.67c-9.37 9.37-24.57 9.37-33.94 0L34.52 272.97c-9.37-9.37-9.37-24.57 0-33.94z"
              />
            </svg>
          </button>
          <div
            class="images_container"
          >
            <img
              alt="image"
              class=""
              data-nimg="1"
              data-testid="app-image-slider-image"
              decoding="async"
              height="400"
              loading="lazy"
              src="/_next/image?url=https%3A%2F%2Fimages.unsplash.com%2Fphoto-1493809842364-78817add7ffb%3Fixlib%3Drb-4.0.3%26ixid%3DMnwxMjA3fDB8MHxwaG90by1wYWdlfHx8fGVufDB8fHx8%26auto%3Dformat%26fit%3Dcrop%26w%3D1170%26q%3D80&w=1920&q=100"
              srcset="/_next/image?url=https%3A%2F%2Fimages.unsplash.com%2Fphoto-1493809842364-78817add7ffb%3Fixlib%3Drb-4.0.3%26ixid%3DMnwxMjA3fDB8MHxwaG90by1wYWdlfHx8fGVufDB8fHx8%26auto%3Dformat%26fit%3Dcrop%26w%3D1170%26q%3D80&w=828&q=100 1x, /_next/image?url=https%3A%2F%2Fimages.unsplash.com%2Fphoto-1493809842364-78817add7ffb%3Fixlib%3Drb-4.0.3%26ixid%3DMnwxMjA3fDB8MHxwaG90by1wYWdlfHx8fGVufDB8fHx8%26auto%3Dformat%26fit%3Dcrop%26w%3D1170%26q%3D80&w=1920&q=100 2x"
              style="color: transparent; position: absolute; left: 0px; top: 0px; width: 100%; height: 100%;"
              width="800"
            />
          </div>
          <button
            class="button next_button active--scale transition"
            data-testid="app-image-slider-next"
          >
            <svg
              fill="currentColor"
              height="1em"
              stroke="currentColor"
              stroke-width="0"
              viewBox="0 0 320 512"
              width="1em"
              xmlns="http://www.w3.org/2000/svg"
            >
              <path
                d="M285.476 272.971L91.132 467.314c-9.373 9.373-24.569 9.373-33.941 0l-22.667-22.667c-9.357-9.357-9.375-24.522-.04-33.901L188.505 256 34.484 101.255c-9.335-9.379-9.317-24.544.04-33.901l22.667-22.667c9.373-9.373 24.569-9.373 33.941 0L285.475 239.03c9.373 9.372 9.373 24.568.001 33.941z"
              />
            </svg>
          </button>
        </div>
      </div>
    </div>
  </body>,
  "container": <div>
    <div>
      <div
        class="slider_container"
        data-testid="app-image-slider"
      >
        <button
          class="button prev_button active--scale transition"
          data-testid="app-image-slider-prev"
        >
          <svg
            fill="currentColor"
            height="1em"
            stroke="currentColor"
            stroke-width="0"
            viewBox="0 0 320 512"
            width="1em"
            xmlns="http://www.w3.org/2000/svg"
          >
            <path
              d="M34.52 239.03L228.87 44.69c9.37-9.37 24.57-9.37 33.94 0l22.67 22.67c9.36 9.36 9.37 24.52.04 33.9L131.49 256l154.02 154.75c9.34 9.38 9.32 24.54-.04 33.9l-22.67 22.67c-9.37 9.37-24.57 9.37-33.94 0L34.52 272.97c-9.37-9.37-9.37-24.57 0-33.94z"
            />
          </svg>
        </button>
        <div
          class="images_container"
        >
          <img
            alt="image"
            class=""
            data-nimg="1"
            data-testid="app-image-slider-image"
            decoding="async"
            height="400"
            loading="lazy"
            src="/_next/image?url=https%3A%2F%2Fimages.unsplash.com%2Fphoto-1493809842364-78817add7ffb%3Fixlib%3Drb-4.0.3%26ixid%3DMnwxMjA3fDB8MHxwaG90by1wYWdlfHx8fGVufDB8fHx8%26auto%3Dformat%26fit%3Dcrop%26w%3D1170%26q%3D80&w=1920&q=100"
            srcset="/_next/image?url=https%3A%2F%2Fimages.unsplash.com%2Fphoto-1493809842364-78817add7ffb%3Fixlib%3Drb-4.0.3%26ixid%3DMnwxMjA3fDB8MHxwaG90by1wYWdlfHx8fGVufDB8fHx8%26auto%3Dformat%26fit%3Dcrop%26w%3D1170%26q%3D80&w=828&q=100 1x, /_next/image?url=https%3A%2F%2Fimages.unsplash.com%2Fphoto-1493809842364-78817add7ffb%3Fixlib%3Drb-4.0.3%26ixid%3DMnwxMjA3fDB8MHxwaG90by1wYWdlfHx8fGVufDB8fHx8%26auto%3Dformat%26fit%3Dcrop%26w%3D1170%26q%3D80&w=1920&q=100 2x"
            style="color: transparent; position: absolute; left: 0px; top: 0px; width: 100%; height: 100%;"
            width="800"
          />
        </div>
        <button
          class="button next_button active--scale transition"
          data-testid="app-image-slider-next"
        >
          <svg
            fill="currentColor"
            height="1em"
            stroke="currentColor"
            stroke-width="0"
            viewBox="0 0 320 512"
            width="1em"
            xmlns="http://www.w3.org/2000/svg"
          >
            <path
              d="M285.476 272.971L91.132 467.314c-9.373 9.373-24.569 9.373-33.941 0l-22.667-22.667c-9.357-9.357-9.375-24.522-.04-33.901L188.505 256 34.484 101.255c-9.335-9.379-9.317-24.544.04-33.901l22.667-22.667c9.373-9.373 24.569-9.373 33.941 0L285.475 239.03c9.373 9.372 9.373 24.568.001 33.941z"
            />
          </svg>
        </button>
      </div>
    </div>
  </div>,
  "debug": [Function],
  "findAllByAltText": [Function],
  "findAllByDisplayValue": [Function],
  "findAllByLabelText": [Function],
  "findAllByPlaceholderText": [Function],
  "findAllByRole": [Function],
  "findAllByTestId": [Function],
  "findAllByText": [Function],
  "findAllByTitle": [Function],
  "findByAltText": [Function],
  "findByDisplayValue": [Function],
  "findByLabelText": [Function],
  "findByPlaceholderText": [Function],
  "findByRole": [Function],
  "findByTestId": [Function],
  "findByText": [Function],
  "findByTitle": [Function],
  "getAllByAltText": [Function],
  "getAllByDisplayValue": [Function],
  "getAllByLabelText": [Function],
  "getAllByPlaceholderText": [Function],
  "getAllByRole": [Function],
  "getAllByTestId": [Function],
  "getAllByText": [Function],
  "getAllByTitle": [Function],
  "getByAltText": [Function],
  "getByDisplayValue": [Function],
  "getByLabelText": [Function],
  "getByPlaceholderText": [Function],
  "getByRole": [Function],
  "getByTestId": [Function],
  "getByText": [Function],
  "getByTitle": [Function],
  "queryAllByAltText": [Function],
  "queryAllByDisplayValue": [Function],
  "queryAllByLabelText": [Function],
  "queryAllByPlaceholderText": [Function],
  "queryAllByRole": [Function],
  "queryAllByTestId": [Function],
  "queryAllByText": [Function],
  "queryAllByTitle": [Function],
  "queryByAltText": [Function],
  "queryByDisplayValue": [Function],
  "queryByLabelText": [Function],
  "queryByPlaceholderText": [Function],
  "queryByRole": [Function],
  "queryByTestId": [Function],
  "queryByText": [Function],
  "queryByTitle": [Function],
  "rerender": [Function],
  "unmount": [Function],
}
`;
