// Jest Snapshot v1, https://goo.gl/fbAQLP

exports[`AppInputCode should render 1`] = `
{
  "asFragment": [Function],
  "baseElement": <body>
    <div>
      <div
        class="app_code"
      >
        <input
          class="app_input app_inputCode"
          data-testid="app-inputCode"
          id="0"
          maxlength="1"
          name="codeNumber"
          placeholder="𐤏"
          type="number"
        />
        <input
          class="app_input app_inputCode"
          data-testid="app-inputCode"
          id="1"
          maxlength="1"
          name="codeNumber"
          placeholder="𐤏"
          type="number"
        />
        <input
          class="app_input app_inputCode"
          data-testid="app-inputCode"
          id="2"
          maxlength="1"
          name="codeNumber"
          placeholder="𐤏"
          type="number"
        />
        <input
          class="app_input app_inputCode"
          data-testid="app-inputCode"
          id="3"
          maxlength="1"
          name="codeNumber"
          placeholder="𐤏"
          type="number"
        />
        <input
          class="app_input app_inputCode"
          data-testid="app-inputCode"
          id="4"
          maxlength="1"
          name="codeNumber"
          placeholder="𐤏"
          type="number"
        />
        <input
          class="app_input app_inputCode"
          data-testid="app-inputCode"
          id="5"
          maxlength="1"
          name="codeNumber"
          placeholder="𐤏"
          type="number"
        />
      </div>
    </div>
  </body>,
  "container": <div>
    <div
      class="app_code"
    >
      <input
        class="app_input app_inputCode"
        data-testid="app-inputCode"
        id="0"
        maxlength="1"
        name="codeNumber"
        placeholder="𐤏"
        type="number"
      />
      <input
        class="app_input app_inputCode"
        data-testid="app-inputCode"
        id="1"
        maxlength="1"
        name="codeNumber"
        placeholder="𐤏"
        type="number"
      />
      <input
        class="app_input app_inputCode"
        data-testid="app-inputCode"
        id="2"
        maxlength="1"
        name="codeNumber"
        placeholder="𐤏"
        type="number"
      />
      <input
        class="app_input app_inputCode"
        data-testid="app-inputCode"
        id="3"
        maxlength="1"
        name="codeNumber"
        placeholder="𐤏"
        type="number"
      />
      <input
        class="app_input app_inputCode"
        data-testid="app-inputCode"
        id="4"
        maxlength="1"
        name="codeNumber"
        placeholder="𐤏"
        type="number"
      />
      <input
        class="app_input app_inputCode"
        data-testid="app-inputCode"
        id="5"
        maxlength="1"
        name="codeNumber"
        placeholder="𐤏"
        type="number"
      />
    </div>
  </div>,
  "debug": [Function],
  "findAllByAltText": [Function],
  "findAllByDisplayValue": [Function],
  "findAllByLabelText": [Function],
  "findAllByPlaceholderText": [Function],
  "findAllByRole": [Function],
  "findAllByTestId": [Function],
  "findAllByText": [Function],
  "findAllByTitle": [Function],
  "findByAltText": [Function],
  "findByDisplayValue": [Function],
  "findByLabelText": [Function],
  "findByPlaceholderText": [Function],
  "findByRole": [Function],
  "findByTestId": [Function],
  "findByText": [Function],
  "findByTitle": [Function],
  "getAllByAltText": [Function],
  "getAllByDisplayValue": [Function],
  "getAllByLabelText": [Function],
  "getAllByPlaceholderText": [Function],
  "getAllByRole": [Function],
  "getAllByTestId": [Function],
  "getAllByText": [Function],
  "getAllByTitle": [Function],
  "getByAltText": [Function],
  "getByDisplayValue": [Function],
  "getByLabelText": [Function],
  "getByPlaceholderText": [Function],
  "getByRole": [Function],
  "getByTestId": [Function],
  "getByText": [Function],
  "getByTitle": [Function],
  "queryAllByAltText": [Function],
  "queryAllByDisplayValue": [Function],
  "queryAllByLabelText": [Function],
  "queryAllByPlaceholderText": [Function],
  "queryAllByRole": [Function],
  "queryAllByTestId": [Function],
  "queryAllByText": [Function],
  "queryAllByTitle": [Function],
  "queryByAltText": [Function],
  "queryByDisplayValue": [Function],
  "queryByLabelText": [Function],
  "queryByPlaceholderText": [Function],
  "queryByRole": [Function],
  "queryByTestId": [Function],
  "queryByText": [Function],
  "queryByTitle": [Function],
  "rerender": [Function],
  "unmount": [Function],
}
`;
