// Jest Snapshot v1, https://goo.gl/fbAQLP

exports[`AppSelect should render AppSelect 1`] = `
{
  "asFragment": [Function],
  "baseElement": <body>
    <div>
      <select
        class="app_select"
        data-testid="app-select"
      >
        <option
          class="app_select_option"
          data-testid="app-select-option"
          value=""
        >
          Choose option
        </option>
        <option
          class="app_select_option"
          data-testid="app-select-option"
          value="1"
        >
          Option 1
        </option>
        <option
          class="app_select_option"
          data-testid="app-select-option"
          value="2"
        >
          Option 2
        </option>
        <option
          class="app_select_option"
          data-testid="app-select-option"
          value="3"
        >
          Option 3
        </option>
      </select>
    </div>
  </body>,
  "container": <div>
    <select
      class="app_select"
      data-testid="app-select"
    >
      <option
        class="app_select_option"
        data-testid="app-select-option"
        value=""
      >
        Choose option
      </option>
      <option
        class="app_select_option"
        data-testid="app-select-option"
        value="1"
      >
        Option 1
      </option>
      <option
        class="app_select_option"
        data-testid="app-select-option"
        value="2"
      >
        Option 2
      </option>
      <option
        class="app_select_option"
        data-testid="app-select-option"
        value="3"
      >
        Option 3
      </option>
    </select>
  </div>,
  "debug": [Function],
  "findAllByAltText": [Function],
  "findAllByDisplayValue": [Function],
  "findAllByLabelText": [Function],
  "findAllByPlaceholderText": [Function],
  "findAllByRole": [Function],
  "findAllByTestId": [Function],
  "findAllByText": [Function],
  "findAllByTitle": [Function],
  "findByAltText": [Function],
  "findByDisplayValue": [Function],
  "findByLabelText": [Function],
  "findByPlaceholderText": [Function],
  "findByRole": [Function],
  "findByTestId": [Function],
  "findByText": [Function],
  "findByTitle": [Function],
  "getAllByAltText": [Function],
  "getAllByDisplayValue": [Function],
  "getAllByLabelText": [Function],
  "getAllByPlaceholderText": [Function],
  "getAllByRole": [Function],
  "getAllByTestId": [Function],
  "getAllByText": [Function],
  "getAllByTitle": [Function],
  "getByAltText": [Function],
  "getByDisplayValue": [Function],
  "getByLabelText": [Function],
  "getByPlaceholderText": [Function],
  "getByRole": [Function],
  "getByTestId": [Function],
  "getByText": [Function],
  "getByTitle": [Function],
  "queryAllByAltText": [Function],
  "queryAllByDisplayValue": [Function],
  "queryAllByLabelText": [Function],
  "queryAllByPlaceholderText": [Function],
  "queryAllByRole": [Function],
  "queryAllByTestId": [Function],
  "queryAllByText": [Function],
  "queryAllByTitle": [Function],
  "queryByAltText": [Function],
  "queryByDisplayValue": [Function],
  "queryByLabelText": [Function],
  "queryByPlaceholderText": [Function],
  "queryByRole": [Function],
  "queryByTestId": [Function],
  "queryByText": [Function],
  "queryByTitle": [Function],
  "rerender": [Function],
  "unmount": [Function],
}
`;
